
> nexa@0.1.0 build
> next build

Ôû▓ Next.js 16.1.6 (Turbopack)
- Environments: .env.local

ÔÜá The "middleware" file convention is deprecated. Please use "proxy" instead. Learn more: https://nextjs.org/docs/messages/middleware-to-proxy
  Creating an optimized production build ...
Ô£ô Compiled successfully in 11.6s
  Running TypeScript ...
Failed to compile.

./src/app/(app)/clan/page.tsx:54:34
Type error: Cannot find name 'MessageSquare'.

  52 |                         <div className="bg-gradient-to-br from-indigo-900/20 to-purple-900/20 rounded-xl border border-indigo-500/20 p-6 flex flex-col items-center text-center">
  53 |                             <div className="w-12 h-12 rounded-full bg-indigo-500/20 flex items-center justify-center text-indigo-400 mb-3">
> 54 |                                 <MessageSquare size={24} />
     |                                  ^
  55 |                             </div>
  56 |                             <h3 className="text-white font-bold mb-1">Discord Connected</h3>
  57 |                             <p className="text-xs text-indigo-200/60 mb-4">Join the voice channels to coordinate.</p>
Next.js build worker exited with code: 1 and signal: null
